{
  "version": "1.5.0",
  "plugins_used": [
    {
      "name": "ArtifactoryDetector"
    },
    {
      "name": "AWSKeyDetector"
    },
    {
      "name": "AzureStorageKeyDetector"
    },
    {
      "name": "Base64HighEntropyString",
      "limit": 4.5
    },
    {
      "name": "BasicAuthDetector"
    },
    {
      "name": "CloudantDetector"
    },
    {
      "name": "DiscordBotTokenDetector"
    },
    {
      "name": "GitHubTokenDetector"
    },
    {
      "name": "GitLabTokenDetector"
    },
    {
      "name": "HexHighEntropyString",
      "limit": 3.0
    },
    {
      "name": "IbmCloudIamDetector"
    },
    {
      "name": "IbmCosHmacDetector"
    },
    {
      "name": "IPPublicDetector"
    },
    {
      "name": "JwtTokenDetector"
    },
    {
      "name": "KeywordDetector",
      "keyword_exclude": ""
    },
    {
      "name": "MailchimpDetector"
    },
    {
      "name": "NpmDetector"
    },
    {
      "name": "OpenAIDetector"
    },
    {
      "name": "PrivateKeyDetector"
    },
    {
      "name": "PypiTokenDetector"
    },
    {
      "name": "SendGridDetector"
    },
    {
      "name": "SlackDetector"
    },
    {
      "name": "SoftlayerDetector"
    },
    {
      "name": "SquareOAuthDetector"
    },
    {
      "name": "StripeDetector"
    },
    {
      "name": "TelegramBotTokenDetector"
    },
    {
      "name": "TwilioKeyDetector"
    }
  ],
  "filters_used": [
    {
      "path": "detect_secrets.filters.allowlist.is_line_allowlisted"
    },
    {
      "path": "detect_secrets.filters.common.is_baseline_file",
      "filename": ".secrets.baseline"
    },
    {
      "path": "detect_secrets.filters.common.is_ignored_due_to_verification_policies",
      "min_level": 2
    },
    {
      "path": "detect_secrets.filters.heuristic.is_indirect_reference"
    },
    {
      "path": "detect_secrets.filters.heuristic.is_likely_id_string"
    },
    {
      "path": "detect_secrets.filters.heuristic.is_lock_file"
    },
    {
      "path": "detect_secrets.filters.heuristic.is_not_alphanumeric_string"
    },
    {
      "path": "detect_secrets.filters.heuristic.is_potential_uuid"
    },
    {
      "path": "detect_secrets.filters.heuristic.is_prefixed_with_dollar_sign"
    },
    {
      "path": "detect_secrets.filters.heuristic.is_sequential_string"
    },
    {
      "path": "detect_secrets.filters.heuristic.is_swagger_file"
    },
    {
      "path": "detect_secrets.filters.heuristic.is_templated_secret"
    },
    {
      "path": "detect_secrets.filters.regex.should_exclude_file",
      "pattern": [
        "\\.venv|migrations|staticfiles|htmlcov|node_modules|\\.pyc$|\\.dump$|__pycache__|^\\.local/|^\\.cache/|^\\.mypy_cache/|^\\.claude/|^\\.pytest_cache/|^\\.ruff_cache/|^\\.secrets\\.baseline$"
      ]
    },
    {
      "path": "detect_secrets.filters.regex.should_exclude_line",
      "pattern": [
        "SECRET_KEY.*=.*decouple|getenv|config\\(|ci-testing-only"
      ]
    }
  ],
  "results": {
    ".env.railway.example": [
      {
        "type": "Basic Auth Credentials",
        "filename": ".env.railway.example",
        "hashed_secret": "5baa61e4c9b93f3f0682250b6cf8331b7ee68fd8",
        "is_verified": false,
        "line_number": 23
      }
    ],
    ".github\\workflows\\backup-restore-test.yml": [
      {
        "type": "Secret Keyword",
        "filename": ".github\\workflows\\backup-restore-test.yml",
        "hashed_secret": "410eecfed457bffa22d7e461fe8057f12b40fa8c",
        "is_verified": false,
        "line_number": 28
      }
    ],
    ".github\\workflows\\deploy-railway.yml": [
      {
        "type": "Base64 High Entropy String",
        "filename": ".github\\workflows\\deploy-railway.yml",
        "hashed_secret": "19910c6d72bd2d05cbe91ff6d5f532c4aee9795e",
        "is_verified": false,
        "line_number": 41
      }
    ],
    ".github\\workflows\\nightly.yml": [
      {
        "type": "Secret Keyword",
        "filename": ".github\\workflows\\nightly.yml",
        "hashed_secret": "c94d65f02a652d11c2e5c2e1ccf38dce5a076e1e",
        "is_verified": false,
        "line_number": 38
      },
      {
        "type": "Base64 High Entropy String",
        "filename": ".github\\workflows\\nightly.yml",
        "hashed_secret": "19910c6d72bd2d05cbe91ff6d5f532c4aee9795e",
        "is_verified": false,
        "line_number": 58
      }
    ],
    ".github\\workflows\\quality-gate.yml": [
      {
        "type": "Secret Keyword",
        "filename": ".github\\workflows\\quality-gate.yml",
        "hashed_secret": "c94d65f02a652d11c2e5c2e1ccf38dce5a076e1e",
        "is_verified": false,
        "line_number": 39
      },
      {
        "type": "Base64 High Entropy String",
        "filename": ".github\\workflows\\quality-gate.yml",
        "hashed_secret": "19910c6d72bd2d05cbe91ff6d5f532c4aee9795e",
        "is_verified": false,
        "line_number": 59
      }
    ],
    ".github\\workflows\\quality.yml": [
      {
        "type": "Secret Keyword",
        "filename": ".github\\workflows\\quality.yml",
        "hashed_secret": "c94d65f02a652d11c2e5c2e1ccf38dce5a076e1e",
        "is_verified": false,
        "line_number": 146
      },
      {
        "type": "Base64 High Entropy String",
        "filename": ".github\\workflows\\quality.yml",
        "hashed_secret": "19910c6d72bd2d05cbe91ff6d5f532c4aee9795e",
        "is_verified": false,
        "line_number": 166
      }
    ],
    ".github\\workflows\\security-scan.yml": [
      {
        "type": "Secret Keyword",
        "filename": ".github\\workflows\\security-scan.yml",
        "hashed_secret": "c94d65f02a652d11c2e5c2e1ccf38dce5a076e1e",
        "is_verified": false,
        "line_number": 183
      },
      {
        "type": "Base64 High Entropy String",
        "filename": ".github\\workflows\\security-scan.yml",
        "hashed_secret": "d36da150e5eb58a714930fd7f046f4e5867b81a1",
        "is_verified": false,
        "line_number": 196
      },
      {
        "type": "Basic Auth Credentials",
        "filename": ".github\\workflows\\security-scan.yml",
        "hashed_secret": "c94d65f02a652d11c2e5c2e1ccf38dce5a076e1e",
        "is_verified": false,
        "line_number": 198
      },
      {
        "type": "Secret Keyword",
        "filename": ".github\\workflows\\security-scan.yml",
        "hashed_secret": "f49066680d5032cc73b83431796d5475fd17a256",
        "is_verified": false,
        "line_number": 199
      }
    ],
    "core\\management\\commands\\issue_temporary_passwords.py": [
      {
        "type": "Base64 High Entropy String",
        "filename": "core\\management\\commands\\issue_temporary_passwords.py",
        "hashed_secret": "e38670be8612f3c6214bacd1ae73e9ec294ea40e",
        "is_verified": false,
        "line_number": 45
      },
      {
        "type": "Base64 High Entropy String",
        "filename": "core\\management\\commands\\issue_temporary_passwords.py",
        "hashed_secret": "d5d4eadca82c6525612c105bea3a635a1f6515fa",
        "is_verified": false,
        "line_number": 46
      }
    ],
    "developer_feedback\\tests\\test_edit.py": [
      {
        "type": "Secret Keyword",
        "filename": "developer_feedback\\tests\\test_edit.py",
        "hashed_secret": "4fa39125496d7379922f42292ad8e676c3f1f8bc",
        "is_verified": false,
        "line_number": 39
      },
      {
        "type": "Secret Keyword",
        "filename": "developer_feedback\\tests\\test_edit.py",
        "hashed_secret": "7edd44e093b8002657dc0ab51ed3b0a557306161",
        "is_verified": false,
        "line_number": 45
      }
    ],
    "developer_feedback\\tests\\test_models.py": [
      {
        "type": "Secret Keyword",
        "filename": "developer_feedback\\tests\\test_models.py",
        "hashed_secret": "a79425d5dfc9cb6e5ed85fa44bf4d63d73e6a5b8",
        "is_verified": false,
        "line_number": 27
      }
    ],
    "developer_feedback\\tests\\test_security.py": [
      {
        "type": "Secret Keyword",
        "filename": "developer_feedback\\tests\\test_security.py",
        "hashed_secret": "4fa39125496d7379922f42292ad8e676c3f1f8bc",
        "is_verified": false,
        "line_number": 35
      },
      {
        "type": "Secret Keyword",
        "filename": "developer_feedback\\tests\\test_security.py",
        "hashed_secret": "7edd44e093b8002657dc0ab51ed3b0a557306161",
        "is_verified": false,
        "line_number": 41
      },
      {
        "type": "Secret Keyword",
        "filename": "developer_feedback\\tests\\test_security.py",
        "hashed_secret": "e727d1464ae12436e899a726da5b2f11d8381b26",
        "is_verified": false,
        "line_number": 77
      },
      {
        "type": "Secret Keyword",
        "filename": "developer_feedback\\tests\\test_security.py",
        "hashed_secret": "24f304df8c18c85f32628fe9b97a5dc586e43c1a",
        "is_verified": false,
        "line_number": 114
      }
    ],
    "developer_feedback\\tests\\test_services.py": [
      {
        "type": "Secret Keyword",
        "filename": "developer_feedback\\tests\\test_services.py",
        "hashed_secret": "a5e762a6e721d1826ac9873183a80b0d6a794eb9",
        "is_verified": false,
        "line_number": 38
      }
    ],
    "shschool\\settings\\base.py": [
      {
        "type": "Secret Keyword",
        "filename": "shschool\\settings\\base.py",
        "hashed_secret": "d16241353157e900b4e5fb6a5898438a6717ec89",
        "is_verified": false,
        "line_number": 230
      }
    ],
    "shschool\\settings\\development.py": [
      {
        "type": "Secret Keyword",
        "filename": "shschool\\settings\\development.py",
        "hashed_secret": "86d50a0d30274b5c89542d9d00141011f80cde6a",
        "is_verified": false,
        "line_number": 9
      }
    ],
    "shschool\\settings\\production.py": [
      {
        "type": "Secret Keyword",
        "filename": "shschool\\settings\\production.py",
        "hashed_secret": "f1bb7852ec6d55f5c9701fa44dc2403395647e7f",
        "is_verified": false,
        "line_number": 95
      }
    ],
    "shschool\\settings\\testing.py": [
      {
        "type": "Base64 High Entropy String",
        "filename": "shschool\\settings\\testing.py",
        "hashed_secret": "19910c6d72bd2d05cbe91ff6d5f532c4aee9795e",
        "is_verified": false,
        "line_number": 99
      }
    ],
    "student_affairs\\tests.py": [
      {
        "type": "Secret Keyword",
        "filename": "student_affairs\\tests.py",
        "hashed_secret": "7b82f78872d79bc4af456a5ae24d4f5ca474dfe0",
        "is_verified": false,
        "line_number": 43
      }
    ],
    "tests\\e2e\\conftest.py": [
      {
        "type": "Secret Keyword",
        "filename": "tests\\e2e\\conftest.py",
        "hashed_secret": "ab3eb0f868f05373c611a6c904ae319ff0772c0c",
        "is_verified": false,
        "line_number": 79
      }
    ],
    "tests\\test_auth_security.py": [
      {
        "type": "Secret Keyword",
        "filename": "tests\\test_auth_security.py",
        "hashed_secret": "1c58bd92003bbaa0538e249fff6ee19a270dec5f",
        "is_verified": false,
        "line_number": 34
      },
      {
        "type": "Secret Keyword",
        "filename": "tests\\test_auth_security.py",
        "hashed_secret": "d8ecf7db8fc9ec9c31bc5c9ae2929cc599c75f8d",
        "is_verified": false,
        "line_number": 45
      },
      {
        "type": "Secret Keyword",
        "filename": "tests\\test_auth_security.py",
        "hashed_secret": "d8bba58683e577cdd462e2cd1207808e1b01b3cb",
        "is_verified": false,
        "line_number": 55
      },
      {
        "type": "Secret Keyword",
        "filename": "tests\\test_auth_security.py",
        "hashed_secret": "a4b48a81cdab1e1a5dd37907d6c85ca1c61ddc7c",
        "is_verified": false,
        "line_number": 67
      },
      {
        "type": "Secret Keyword",
        "filename": "tests\\test_auth_security.py",
        "hashed_secret": "7fa6c377ded1a74ba12d933497d879ed1887c40e",
        "is_verified": false,
        "line_number": 171
      },
      {
        "type": "Secret Keyword",
        "filename": "tests\\test_auth_security.py",
        "hashed_secret": "e38ad214943daad1d64c102faec29de4afe9da3d",
        "is_verified": false,
        "line_number": 188
      },
      {
        "type": "Secret Keyword",
        "filename": "tests\\test_auth_security.py",
        "hashed_secret": "0b6c3d63c5310fcfe12c99bfcd6a5454d763c113",
        "is_verified": false,
        "line_number": 189
      },
      {
        "type": "Secret Keyword",
        "filename": "tests\\test_auth_security.py",
        "hashed_secret": "a0f4ea7d91495df92bbac2e2149dfb850fe81396",
        "is_verified": false,
        "line_number": 208
      }
    ],
    "tests\\test_login_identifier.py": [
      {
        "type": "Secret Keyword",
        "filename": "tests\\test_login_identifier.py",
        "hashed_secret": "a4b48a81cdab1e1a5dd37907d6c85ca1c61ddc7c",
        "is_verified": false,
        "line_number": 89
      },
      {
        "type": "Secret Keyword",
        "filename": "tests\\test_login_identifier.py",
        "hashed_secret": "1c58bd92003bbaa0538e249fff6ee19a270dec5f",
        "is_verified": false,
        "line_number": 97
      }
    ],
    "tests\\test_password_rotation.py": [
      {
        "type": "Secret Keyword",
        "filename": "tests\\test_password_rotation.py",
        "hashed_secret": "1c58bd92003bbaa0538e249fff6ee19a270dec5f",
        "is_verified": false,
        "line_number": 20
      },
      {
        "type": "Secret Keyword",
        "filename": "tests\\test_password_rotation.py",
        "hashed_secret": "a4b48a81cdab1e1a5dd37907d6c85ca1c61ddc7c",
        "is_verified": false,
        "line_number": 81
      }
    ],
    "tests\\test_production_runtime_settings.py": [
      {
        "type": "Secret Keyword",
        "filename": "tests\\test_production_runtime_settings.py",
        "hashed_secret": "b8f8707ada292d177892e946ad3a0a048cf89539",
        "is_verified": false,
        "line_number": 9
      },
      {
        "type": "Base64 High Entropy String",
        "filename": "tests\\test_production_runtime_settings.py",
        "hashed_secret": "19910c6d72bd2d05cbe91ff6d5f532c4aee9795e",
        "is_verified": false,
        "line_number": 10
      },
      {
        "type": "Secret Keyword",
        "filename": "tests\\test_production_runtime_settings.py",
        "hashed_secret": "9c4c8f5fbd7951395b26c9c4fa0b058bc702ab08",
        "is_verified": false,
        "line_number": 11
      }
    ],
    "tests\\test_quality_models.py": [
      {
        "type": "Secret Keyword",
        "filename": "tests\\test_quality_models.py",
        "hashed_secret": "aafdc23870ecbcd3d557b6423a8982134e17927e",
        "is_verified": false,
        "line_number": 48
      }
    ],
    "tests\\test_quality_new_views.py": [
      {
        "type": "Secret Keyword",
        "filename": "tests\\test_quality_new_views.py",
        "hashed_secret": "aafdc23870ecbcd3d557b6423a8982134e17927e",
        "is_verified": false,
        "line_number": 45
      }
    ],
    "tests\\test_secrets_manager.py": [
      {
        "type": "Secret Keyword",
        "filename": "tests\\test_secrets_manager.py",
        "hashed_secret": "920f8f5815b381ea692e9e7c2f7119f2b1aa620a",
        "is_verified": false,
        "line_number": 18
      },
      {
        "type": "Secret Keyword",
        "filename": "tests\\test_secrets_manager.py",
        "hashed_secret": "55357933a7310d2db90c3fa1ed0970a7bb34ed39",
        "is_verified": false,
        "line_number": 43
      },
      {
        "type": "Secret Keyword",
        "filename": "tests\\test_secrets_manager.py",
        "hashed_secret": "a64c89f2592b4dcccad86640cb7e063cc91e171e",
        "is_verified": false,
        "line_number": 52
      },
      {
        "type": "Secret Keyword",
        "filename": "tests\\test_secrets_manager.py",
        "hashed_secret": "80b3364deb09ee4c7f775a999a72ccb433d596c9",
        "is_verified": false,
        "line_number": 61
      }
    ],
    "tests\\test_two_factor_login.py": [
      {
        "type": "Secret Keyword",
        "filename": "tests\\test_two_factor_login.py",
        "hashed_secret": "e2dc350761effd5b084a3ef06545d16e16e166d6",
        "is_verified": false,
        "line_number": 16
      }
    ],
    "tests\\test_views_quality2.py": [
      {
        "type": "Secret Keyword",
        "filename": "tests\\test_views_quality2.py",
        "hashed_secret": "aafdc23870ecbcd3d557b6423a8982134e17927e",
        "is_verified": false,
        "line_number": 35
      }
    ]
  },
  "generated_at": "2026-09-25T20:42:46Z"
}
